// Jest Snapshot v1, https://goo.gl/fbAQLP

exports[`Colecci√≥n de test en Home Should render in Home 1`] = `""`;
