// Jest Snapshot v1, https://goo.gl/fbAQLP

exports[`Colecci√≥n de test en SignUp Should render in SignUp 1`] = `
" <section class=\\"container signup-form\\">
    <img class=\\"logo\\" src=\\"img/PIC&amp;ART.png\\" alt=\\"logo\\">
    <form id=\\"submitForm\\">
        <br><label value=\\"email\\">E-mail*</label>
        <input id=\\"singUpEmail\\" type=\\"text\\" placeholder=\\"e-mail\\" required=\\"\\"><br>
        <br><label value=\\"password\\">Password*</label>
        <input id=\\"singUpPassword\\" type=\\"password\\" placeholder=\\"Password\\" required=\\"\\">
        <input id=\\"viewPass\\" src=\\"../img/eye.png\\" type=\\"image\\">
        <br><input type=\\"submit\\" class=\\"btn_log signup\\" id=\\"btnSignUp\\" value=\\"SIGN UP\\"><br>
        <p class=\\"error\\"></p> 
        <br>
        <br>
    </form>
    <a href=\\"javascript:history.back();\\"> <img class=\\"return\\" src=\\"img/return-logo.png\\" alt=\\"logo\\"> Back </a>
</section>"
`;
